#-----------------------------------------------------------
# Vivado v2017.2 (64-bit)
# SW Build 1909853 on Thu Jun 15 18:39:09 MDT 2017
# IP Build 1909766 on Thu Jun 15 19:58:00 MDT 2017
# Start of session at: Sat Apr 27 18:57:22 2019
# Process ID: 12380
# Current directory: C:/Users/X4/Documents/GitHub/valjean-nnet/custom_ip/New folder/custom_ip_lab/custom_ip_lab/customip_lab_v1_0_project/customip_lab_v1_0_project.runs/synth_1
# Command line: vivado.exe -log customip_lab_v1_0.vds -product Vivado -mode batch -messageDb vivado.pb -notrace -source customip_lab_v1_0.tcl
# Log file: C:/Users/X4/Documents/GitHub/valjean-nnet/custom_ip/New folder/custom_ip_lab/custom_ip_lab/customip_lab_v1_0_project/customip_lab_v1_0_project.runs/synth_1/customip_lab_v1_0.vds
# Journal file: C:/Users/X4/Documents/GitHub/valjean-nnet/custom_ip/New folder/custom_ip_lab/custom_ip_lab/customip_lab_v1_0_project/customip_lab_v1_0_project.runs/synth_1\vivado.jou
#-----------------------------------------------------------
source customip_lab_v1_0.tcl -notrace
